Testing upload... Bucket: bgv-documents-storage, Region: ap-south-1
SUCCESS: File uploaded
URL: https://bgv-documents-storage.s3.amazonaws.com/test_uploads/17973908.jpg?X-Amz-Algorithm=AWS4-HMAC-SHA256&X-Amz-Credential=AKIA4COT7F3OGLMY4BNU%2F20260411%2Fap-south-1%2Fs3%2Faws4_request&X-Amz-Date=20260411T080144Z&X-Amz-Expires=3600&X-Amz-SignedHeaders=host&X-Amz-Signature=eb92d6f6651a05e790f015f677ea649adff7b32a46ef201a3334d34e1a852a90
